../Drivers/CMSIS/Include/core_cm3.h:1499:26:__NVIC_GetPriorityGrouping	1
../Drivers/CMSIS/Include/core_cm3.h:1511:22:__NVIC_EnableIRQ	2
../Drivers/CMSIS/Include/core_cm3.h:1639:22:__NVIC_SetPriority	2
../Drivers/CMSIS/Include/core_cm3.h:1686:26:NVIC_EncodePriority	2
../Drivers/STM32F1xx_HAL_Driver/Inc/stm32f1xx_ll_dma.h:453:22:LL_DMA_EnableChannel	1
../Drivers/STM32F1xx_HAL_Driver/Inc/stm32f1xx_ll_dma.h:552:22:LL_DMA_SetDataTransferDirection	1
../Drivers/STM32F1xx_HAL_Driver/Inc/stm32f1xx_ll_dma.h:601:22:LL_DMA_SetMode	1
../Drivers/STM32F1xx_HAL_Driver/Inc/stm32f1xx_ll_dma.h:646:22:LL_DMA_SetPeriphIncMode	1
../Drivers/STM32F1xx_HAL_Driver/Inc/stm32f1xx_ll_dma.h:691:22:LL_DMA_SetMemoryIncMode	1
../Drivers/STM32F1xx_HAL_Driver/Inc/stm32f1xx_ll_dma.h:737:22:LL_DMA_SetPeriphSize	1
../Drivers/STM32F1xx_HAL_Driver/Inc/stm32f1xx_ll_dma.h:784:22:LL_DMA_SetMemorySize	1
../Drivers/STM32F1xx_HAL_Driver/Inc/stm32f1xx_ll_dma.h:832:22:LL_DMA_SetChannelPriorityLevel	1
../Drivers/STM32F1xx_HAL_Driver/Inc/stm32f1xx_ll_dma.h:879:22:LL_DMA_SetDataLength	1
../Drivers/STM32F1xx_HAL_Driver/Inc/stm32f1xx_ll_dma.h:901:26:LL_DMA_GetDataLength	1
../Drivers/STM32F1xx_HAL_Driver/Inc/stm32f1xx_ll_dma.h:964:22:LL_DMA_SetMemoryAddress	1
../Drivers/STM32F1xx_HAL_Driver/Inc/stm32f1xx_ll_dma.h:986:22:LL_DMA_SetPeriphAddress	1
../Drivers/STM32F1xx_HAL_Driver/Inc/stm32f1xx_ll_dma.h:1761:22:LL_DMA_EnableIT_TC	1
../Drivers/STM32F1xx_HAL_Driver/Inc/stm32f1xx_ll_dma.h:1780:22:LL_DMA_EnableIT_HT	1
../Drivers/STM32F1xx_HAL_Driver/Inc/stm32f1xx_ll_usart.h:412:22:LL_USART_Enable	1
../Drivers/STM32F1xx_HAL_Driver/Inc/stm32f1xx_ll_usart.h:1527:22:LL_USART_ConfigAsyncMode	1
../Drivers/STM32F1xx_HAL_Driver/Inc/stm32f1xx_ll_usart.h:1851:26:LL_USART_IsActiveFlag_TC	1
../Drivers/STM32F1xx_HAL_Driver/Inc/stm32f1xx_ll_usart.h:2072:22:LL_USART_EnableIT_IDLE	2
../Drivers/STM32F1xx_HAL_Driver/Inc/stm32f1xx_ll_usart.h:2364:22:LL_USART_EnableDMAReq_RX	2
../Drivers/STM32F1xx_HAL_Driver/Inc/stm32f1xx_ll_usart.h:2431:26:LL_USART_DMA_GetRegAddr	1
../Drivers/STM32F1xx_HAL_Driver/Inc/stm32f1xx_ll_bus.h:267:22:LL_AHB1_GRP1_EnableClock	1
../Drivers/STM32F1xx_HAL_Driver/Inc/stm32f1xx_ll_bus.h:761:22:LL_APB2_GRP1_EnableClock	1
../Core/Src/main.c:71:5:main	1
../Core/Src/main.c:121:6:SystemClock_Config	3
../Core/Src/main.c:160:13:MX_USART1_UART_Init	1
../Core/Src/main.c:246:13:MX_DMA_Init	1
../Core/Src/main.c:265:13:MX_GPIO_Init	1
../Core/Src/main.c:332:6:usart_rx_check	4
../Core/Src/main.c:356:6:usart_process_data	4
../Core/Src/main.c:389:6:reverseString	2
../Core/Src/main.c:404:6:Error_Handler	1
